>>> from BCode import BCode
>>> BCoder = BCode()

====================
Test number
Format: i<Digits>e

>>> BCoder.Decode("i1234567890e")
1234567890

>>> BCoder.Decode("i-150999e")
-150999

>>> BCoder.Decode("ie")
0

>>> BCoder.Decode("i12345678901234567890123456789012345678901234567890123456789012345678901234567890123456789012345678901234567890e")
12345678901234567890123456789012345678901234567890123456789012345678901234567890123456789012345678901234567890L

>>> BCoder.Decode("i1.599e")
1

>>> BCoder.Decode("i****e")
0

>>> BCoder.Decode("i1234")
Traceback (most recent call last):
BCodeError: End of file

>>> BCoder.Decode("i")
Traceback (most recent call last):
BCodeError: End of file

>>> BCoder.Encode(1234567890)
'i1234567890e'

>>> BCoder.Encode(-150999)
'i-150999e'

====================
Test byte array
Format: <Array Size>:<Array Bytes>

>>> BCoder.Decode("5:Hello")
'Hello'

>>> BCoder.Decode("3:Hello")
'Hel'

>>> BCoder.Decode("0:")
''

>>> BCoder.Decode("6:Hello")
Traceback (most recent call last):
BCodeError: End of file

>>> BCoder.Decode("100")
Traceback (most recent call last):
BCodeError: End of file

>>> BCoder.Encode("Hello")
'5:Hello'

>>> BCoder.Encode("")
'0:'

>>> BCoder.Encode("5")
'1:5'

====================
Test list
Format: l<Elements>e

>>> BCoder.Decode("li125ei-250ei1000e7:Docteste")
[125, -250, 1000, 'Doctest']

>>> BCoder.Decode("le")
[]

>>> BCoder.Decode("l****e")
[]

>>> BCoder.Decode("li25e")
Traceback (most recent call last):
BCodeError: End of file

>>> BCoder.Decode("l10:Matrix 3x3li1ei2ei3eeli4ei5ei6eeli7ei8ei9eee")
['Matrix 3x3', [1, 2, 3], [4, 5, 6], [7, 8, 9]]

>>> BCoder.Encode([1, 2, 3, 4, 5, "a", "b", "c", [6, 7, 8]])
'li1ei2ei3ei4ei5e1:a1:b1:cli6ei7ei8eee'

>>> BCoder.Encode([])
'le'

>>> BCoder.Encode([[[[[[[[[["10 nested lists"]]]]]]]]]])
'llllllllll15:10 nested listseeeeeeeeee'

====================
Test dictionary
Format: d<Dictionary Elements>e
Element: <Byte Array><Element>

>>> BCoder.Decode("d1:a5:aaaaa1:b6:bbbbbbe")
OrderedDict([('a', 'aaaaa'), ('b', 'bbbbbb')])

>>> BCoder.Decode("de")
OrderedDict()

>>> BCoder.Decode("di5ei6ee")
Traceback (most recent call last):
BCodeError: Element is not a byte array

>>> BCoder.Decode("d11:Nested dictd11:Nested dictd11:Nested dictd11:Nested dictdeeeee")
OrderedDict([('Nested dict', OrderedDict([('Nested dict', OrderedDict([('Nested dict', OrderedDict([('Nested dict', OrderedDict())]))]))]))])

>>> BCoder.Decode("d3:inti100e3:str6:String4:listli1ei2ei3ee4:dictd1:a3:abc1:b3:asdee")
OrderedDict([('int', 100), ('str', 'String'), ('list', [1, 2, 3]), ('dict', OrderedDict([('a', 'abc'), ('b', 'asd')]))])

>>> BCoder.Encode({"Key": "Value"})
'd3:Key5:Valuee'
