>>> import bcode

====================
Test number
Format: i<Digits>e

>>> bcode.decode("i1234567890e")
1234567890

>>> bcode.decode("i-150999e")
-150999

>>> bcode.decode("ie")
0

>>> bcode.decode("i12345678901234567890123456789012345678901234567890123456789012345678901234567890123456789012345678901234567890e")
12345678901234567890123456789012345678901234567890123456789012345678901234567890123456789012345678901234567890L

>>> bcode.decode("i1.599e")
1

>>> bcode.decode("i****e")
0

>>> bcode.decode("i1234")
Traceback (most recent call last):
ValueError: Invalid bencode string

>>> bcode.decode("i")
Traceback (most recent call last):
ValueError: Invalid bencode string

>>> bcode.encode(1234567890)
'i1234567890e'

>>> bcode.encode(-150999)
'i-150999e'

====================
Test byte array
Format: <Array Size>:<Array Bytes>

>>> bcode.decode("5:Hello")
'Hello'

>>> bcode.decode("3:Hello")
'Hel'

>>> bcode.decode("0:")
''

>>> bcode.decode("6:Hello")
Traceback (most recent call last):
ValueError: Invalid bencode string

>>> bcode.decode("100")
Traceback (most recent call last):
ValueError: Invalid bencode string

>>> bcode.encode("Hello")
'5:Hello'

>>> bcode.encode("")
'0:'

>>> bcode.encode("5")
'1:5'

====================
Test list
Format: l<Elements>e

>>> bcode.decode("li125ei-250ei1000e7:Docteste")
[125, -250, 1000, 'Doctest']

>>> bcode.decode("le")
[]

>>> bcode.decode("l****e")
[]

>>> bcode.decode("li25e")
Traceback (most recent call last):
ValueError: Invalid bencode string

>>> bcode.decode("l10:Matrix 3x3li1ei2ei3eeli4ei5ei6eeli7ei8ei9eee")
['Matrix 3x3', [1, 2, 3], [4, 5, 6], [7, 8, 9]]

>>> bcode.encode([1, 2, 3, 4, 5, "a", "b", "c", [6, 7, 8]])
'li1ei2ei3ei4ei5e1:a1:b1:cli6ei7ei8eee'

>>> bcode.encode([])
'le'

>>> bcode.encode([[[[[[[[[["10 nested lists"]]]]]]]]]])
'llllllllll15:10 nested listseeeeeeeeee'

====================
Test dictionary
Format: d<Dictionary Elements>e
Element: <Byte Array><Element>

>>> bcode.decode("d1:a5:aaaaa1:b6:bbbbbbe")
OrderedDict([('a', 'aaaaa'), ('b', 'bbbbbb')])

>>> bcode.decode("de")
OrderedDict()

>>> bcode.decode("di5ei6ee")
Traceback (most recent call last):
ValueError: Invalid bencode string

>>> bcode.decode("d11:Nested dictd11:Nested dictd11:Nested dictd11:Nested dictdeeeee")
OrderedDict([('Nested dict', OrderedDict([('Nested dict', OrderedDict([('Nested dict', OrderedDict([('Nested dict', OrderedDict())]))]))]))])

>>> bcode.decode("d3:inti100e3:str6:String4:listli1ei2ei3ee4:dictd1:a3:abc1:b3:asdee")
OrderedDict([('int', 100), ('str', 'String'), ('list', [1, 2, 3]), ('dict', OrderedDict([('a', 'abc'), ('b', 'asd')]))])

>>> bcode.encode({"Key": "Value"})
'd3:Key5:Valuee'
